# serializer version: 1
# name: test_adaptive_cooling_comfort_snapshot
  dict({
    'rmot=15.0': list([
      20.5,
      24.5,
    ]),
    'rmot=22.0': list([
      20.5,
      24.5,
    ]),
    'rmot=25.5': list([
      20.5,
      24.5,
    ]),
    'rmot=28.0': list([
      20.5,
      25.2869,
    ]),
    'rmot=33.0': list([
      20.5,
      26.0537,
    ]),
    'rmot=45.0': list([
      20.5,
      26.4595,
    ]),
  })
# ---
# name: test_comfort_curve_snapshot
  dict({
    '18.0C/30.0%': dict({
      'dew_point': 0.1618,
      'effective': 16.0385,
    }),
    '18.0C/50.0%': dict({
      'dew_point': 7.417,
      'effective': 17.3974,
    }),
    '18.0C/70.0%': dict({
      'dew_point': 12.4426,
      'effective': 18.7564,
    }),
    '22.0C/30.0%': dict({
      'dew_point': 3.6194,
      'effective': 20.6103,
    }),
    '22.0C/50.0%': dict({
      'dew_point': 11.0904,
      'effective': 22.3505,
    }),
    '22.0C/70.0%': dict({
      'dew_point': 16.2693,
      'effective': 24.0907,
    }),
    '26.0C/30.0%': dict({
      'dew_point': 7.0695,
      'effective': 25.3176,
    }),
    '26.0C/50.0%': dict({
      'dew_point': 14.759,
      'effective': 27.5293,
    }),
    '26.0C/70.0%': dict({
      'dew_point': 20.0935,
      'effective': 29.7411,
    }),
    '30.0C/30.0%': dict({
      'dew_point': 10.512,
      'effective': 30.1864,
    }),
    '30.0C/50.0%': dict({
      'dew_point': 18.4229,
      'effective': 32.9774,
    }),
    '30.0C/70.0%': dict({
      'dew_point': 23.915,
      'effective': 35.7683,
    }),
  })
# ---
